HCI sniffer - Bluetooth packet analyzer ver 5.50
device: hci0 snap_len: 1500 filter: 0xffffffff
< 01 0C 20 02 00 01
> 04 0E 04 01 0C 20 00
< 01 0B 20 07 00 10 00 10 00 00 00
> 04 0E 04 01 0B 20 00
< 01 0C 20 02 01 01
> 04 0E 04 01 0C 20 00
> 04 3E 1D 02 01 00 01 BE E6 B2 2C DA 73 11 02 01 1A 02 0A 0C
  0A FF 4C 00 10 05 03 1C A9 C2 E3 A1
> 04 3E 2B 02 01 03 01 AC 89 B6 99 A3 23 1F 1E FF 06 00 01 09
  20 02 73 C5 8C 84 6D 18 53 AF 9C 5D D0 00 1B 46 EE 02 42 FC
  7A E2 4F 93 F4 BD
> 04 3E 25 02 01 00 00 7C 24 30 34 2D 58 19 02 01 06 15 16 95
  FE 50 20 AA 01 92 7C 24 30 34 2D 58 0D 10 04 D2 00 8A 01 BD
< 01 0C 20 02 00 01
> 04 0E 04 01 0C 20 00
< 01 0B 20 07 00 10 00 10 00 00 00
> 04 0E 04 01 0B 20 00
< 01 0C 20 02 01 01
> 04 0E 04 01 0C 20 00
> 04 3E 2B 02 01 03 01 B3 73 41 86 F0 25 1F 1E FF 06 00 01 09
  20 02 80 BD 34 3D 72 6E 31 B5 2E 48 B4 1C 27 76 05 57 45 87
  9D 1C 75 DC 10 C9
> 04 3E 25 02 01 00 00 7C 24 30 34 2D 58 19 02 01 06 15 16 95
  FE 50 20 AA 01 1A 7C 24 30 34 2D 58 0D 10 04 D2 00 8B 01 AD
> 04 3E 1D 02 01 00 01 BE E6 B2 2C DA 73 11 02 01 1A 02 0A 0C
  0A FF 4C 00 10 05 03 1C A9 C2 E3 A0
< 01 0C 20 02 00 01
> 04 0E 04 01 0C 20 00
< 01 0B 20 07 00 10 00 10 00 00 00
> 04 0E 04 01 0B 20 00
< 01 0C 20 02 01 01
> 04 0E 04 01 0C 20 00
> 04 3E 2B 02 01 03 01 B3 73 41 86 F0 25 1F 1E FF 06 00 01 09
  20 02 80 BD 34 3D 72 6E 31 B5 2E 48 B4 1C 27 76 05 57 45 87
  9D 1C 75 DC 10 BD
> 04 3E 1D 02 01 00 01 BE E6 B2 2C DA 73 11 02 01 1A 02 0A 0C
  0A FF 4C 00 10 05 03 1C A9 C2 E3 9F
> 04 3E 25 02 01 00 00 7C 24 30 34 2D 58 19 02 01 06 15 16 95
  FE 50 20 AA 01 28 7C 24 30 34 2D 58 0D 10 04 D2 00 8C 01 AE
< 01 0C 20 02 00 01
> 04 0E 04 01 0C 20 00
< 01 0B 20 07 00 10 00 10 00 00 00
> 04 0E 04 01 0B 20 00
< 01 0C 20 02 01 01
> 04 0E 04 01 0C 20 00
> 04 3E 2B 02 01 03 01 B3 73 41 86 F0 25 1F 1E FF 06 00 01 09
  20 02 80 BD 34 3D 72 6E 31 B5 2E 48 B4 1C 27 76 05 57 45 87
  9D 1C 75 DC 10 BE
> 04 3E 25 02 01 00 00 7C 24 30 34 2D 58 19 02 01 06 15 16 95
  FE 50 20 AA 01 2F 7C 24 30 34 2D 58 0D 10 04 D2 00 8B 01 BC
> 04 3E 1D 02 01 00 01 BE E6 B2 2C DA 73 11 02 01 1A 02 0A 0C
  0A FF 4C 00 10 05 03 1C A9 C2 E3 A0
< 01 0C 20 02 00 01
> 04 0E 04 01 0C 20 00
< 01 0B 20 07 00 10 00 10 00 00 00
> 04 0E 04 01 0B 20 00
< 01 0C 20 02 01 01
> 04 0E 04 01 0C 20 00
> 04 3E 2B 02 01 03 01 B3 73 41 86 F0 25 1F 1E FF 06 00 01 09
  20 02 80 BD 34 3D 72 6E 31 B5 2E 48 B4 1C 27 76 05 57 45 87
  9D 1C 75 DC 10 BD
> 04 3E 25 02 01 00 00 7C 24 30 34 2D 58 19 02 01 06 15 16 95
  FE 50 20 AA 01 4F 7C 24 30 34 2D 58 0D 10 04 D2 00 8C 01 BC
> 04 3E 1D 02 01 00 01 BE E6 B2 2C DA 73 11 02 01 1A 02 0A 0C
  0A FF 4C 00 10 05 03 1C A9 C2 E3 A1
< 01 0C 20 02 00 01
> 04 0E 04 01 0C 20 00
< 01 0B 20 07 00 10 00 10 00 00 00
> 04 0E 04 01 0B 20 00
< 01 0C 20 02 01 01
> 04 0E 04 01 0C 20 00
> 04 3E 2B 02 01 03 01 B3 73 41 86 F0 25 1F 1E FF 06 00 01 09
  20 02 80 BD 34 3D 72 6E 31 B5 2E 48 B4 1C 27 76 05 57 45 87
  9D 1C 75 DC 10 CA
> 04 3E 25 02 01 00 00 7C 24 30 34 2D 58 19 02 01 06 15 16 95
  FE 50 20 AA 01 59 7C 24 30 34 2D 58 0D 10 04 D2 00 89 01 BE
> 04 3E 1D 02 01 00 01 BE E6 B2 2C DA 73 11 02 01 1A 02 0A 0C
  0A FF 4C 00 10 05 03 1C A9 C2 E3 A0
< 01 0C 20 02 00 01
> 04 0E 04 01 0C 20 00
< 01 0B 20 07 00 10 00 10 00 00 00
> 04 0E 04 01 0B 20 00
< 01 0C 20 02 01 01
> 04 0E 04 01 0C 20 00
> 04 3E 2B 02 01 03 01 B3 73 41 86 F0 25 1F 1E FF 06 00 01 09
  20 02 80 BD 34 3D 72 6E 31 B5 2E 48 B4 1C 27 76 05 57 45 87
  9D 1C 75 DC 10 C9
> 04 3E 23 02 01 00 00 7C 24 30 34 2D 58 17 02 01 06 13 16 95
  FE 50 20 AA 01 60 7C 24 30 34 2D 58 06 10 02 8B 01 BD
> 04 3E 1D 02 01 00 01 BE E6 B2 2C DA 73 11 02 01 1A 02 0A 0C
  0A FF 4C 00 10 05 03 1C A9 C2 E3 9E
< 01 0C 20 02 00 01
> 04 0E 04 01 0C 20 00
< 01 0B 20 07 00 10 00 10 00 00 00
> 04 0E 04 01 0B 20 00
< 01 0C 20 02 01 01
> 04 0E 04 01 0C 20 00
> 04 3E 23 02 01 00 00 7C 24 30 34 2D 58 17 02 01 06 13 16 95
  FE 50 20 AA 01 96 7C 24 30 34 2D 58 06 10 02 8B 01 AD
> 04 3E 2B 02 01 03 01 B3 73 41 86 F0 25 1F 1E FF 06 00 01 09
  20 02 80 BD 34 3D 72 6E 31 B5 2E 48 B4 1C 27 76 05 57 45 87
  9D 1C 75 DC 10 BF
> 04 3E 1D 02 01 00 01 BE E6 B2 2C DA 73 11 02 01 1A 02 0A 0C
  0A FF 4C 00 10 05 03 1C A9 C2 E3 9F
< 01 0C 20 02 00 01
> 04 0E 04 01 0C 20 00
< 01 0B 20 07 00 10 00 10 00 00 00
> 04 0E 04 01 0B 20 00
< 01 0C 20 02 01 01
> 04 0E 04 01 0C 20 00
> 04 3E 2B 02 01 03 01 B3 73 41 86 F0 25 1F 1E FF 06 00 01 09
  20 02 80 BD 34 3D 72 6E 31 B5 2E 48 B4 1C 27 76 05 57 45 87
  9D 1C 75 DC 10 BD
> 04 3E 23 02 01 00 00 7C 24 30 34 2D 58 17 02 01 06 13 16 95
  FE 50 20 AA 01 A6 7C 24 30 34 2D 58 04 10 02 D1 00 AE
> 04 3E 1D 02 01 00 01 BE E6 B2 2C DA 73 11 02 01 1A 02 0A 0C
  0A FF 4C 00 10 05 03 1C A9 C2 E3 9B
< 01 0C 20 02 00 01
> 04 0E 04 01 0C 20 00
< 01 0B 20 07 00 10 00 10 00 00 00
> 04 0E 04 01 0B 20 00
< 01 0C 20 02 01 01
> 04 0E 04 01 0C 20 00
> 04 3E 2B 02 01 03 01 B3 73 41 86 F0 25 1F 1E FF 06 00 01 09
  20 02 80 BD 34 3D 72 6E 31 B5 2E 48 B4 1C 27 76 05 57 45 87
  9D 1C 75 DC 10 D0
> 04 3E 23 02 01 00 00 7C 24 30 34 2D 58 17 02 01 06 13 16 95
  FE 50 20 AA 01 C1 7C 24 30 34 2D 58 06 10 02 8C 01 BD
> 04 3E 1D 02 01 00 01 BE E6 B2 2C DA 73 11 02 01 1A 02 0A 0C
  0A FF 4C 00 10 05 03 1C A9 C2 E3 9F
> 04 3E 2A 02 01 00 01 AE 25 33 CA E1 70 1E 02 01 1A 02 0A 0C
  17 FF 4C 00 0C 0E 00 A3 6C F2 82 34 43 D8 11 EF 04 C4 E1 0B
  10 02 47 08 9D
